============================= test session starts =============================
platform win32 -- Python 3.13.3, pytest-9.0.2, pluggy-1.6.0 -- C:\Program Files\Python313\python.exe
cachedir: .pytest_cache
baseurl: https://tutorialsninja.com/demo/
metadata: {'Python': '3.13.3', 'Platform': 'Windows-11-10.0.26200-SP0', 'Packages': {'pytest': '9.0.2', 'pluggy': '1.6.0'}, 'Plugins': {'allure-pytest': '2.15.3', 'anyio': '4.12.0', 'base-url': '2.1.0', 'html': '4.2.0', 'metadata': '3.1.1', 'playwright': '0.7.2'}, 'Base URL': 'https://tutorialsninja.com/demo/'}
rootdir: C:\Projects\python_playwright\python_playwright
configfile: pytest.ini
plugins: allure-pytest-2.15.3, anyio-4.12.0, base-url-2.1.0, html-4.2.0, metadata-3.1.1, playwright-0.7.2
collecting ... collected 1 item

tests/ui/Register/TC_RF_007_test.py::test_navigate_to_register_page[chromium] FAILED [100%]

================================== FAILURES ===================================
__________________ test_navigate_to_register_page[chromium] ___________________

page = <Page url='https://tutorialsninja.com/demo/'>

    @pytest.mark.sanity
    @pytest.mark.regression
    def test_navigate_to_register_page(page: Page):
        """
        Validate different ways of navigating to 'Register Account' page
        """
        home_page = HomePage(page)
    
        # 1. Open the Application (Handled by a fixture going to base_url tutorialsninja.com/demo/)
    
        # 2. Click on 'My Account' Drop menu
>       home_page.click_my_account()

tests\ui\Register\TC_RF_007_test.py:18: 
_ _ _ _ _ _ _ _ _ _ _ _ _ _ _ _ _ _ _ _ _ _ _ _ _ _ _ _ _ _ _ _ _ _ _ _ _ _ _ _
pages\home_page.py:32: in click_my_account
    self.lnk_my_account.click()
C:\Users\chine\AppData\Roaming\Python\Python313\site-packages\playwright\sync_api\_generated.py:15631: in click
    self._sync(
C:\Users\chine\AppData\Roaming\Python\Python313\site-packages\playwright\_impl\_locator.py:162: in click
    return await self._frame._click(self._selector, strict=True, **params)
           ^^^^^^^^^^^^^^^^^^^^^^^^^^^^^^^^^^^^^^^^^^^^^^^^^^^^^^^^^^^^^^^
C:\Users\chine\AppData\Roaming\Python\Python313\site-packages\playwright\_impl\_frame.py:566: in _click
    await self._channel.send("click", self._timeout, locals_to_params(locals()))
C:\Users\chine\AppData\Roaming\Python\Python313\site-packages\playwright\_impl\_connection.py:69: in send
    return await self._connection.wrap_api_call(
_ _ _ _ _ _ _ _ _ _ _ _ _ _ _ _ _ _ _ _ _ _ _ _ _ _ _ _ _ _ _ _ _ _ _ _ _ _ _ _

self = <playwright._impl._connection.Connection object at 0x0000020912D85D30>
cb = <function Channel.send.<locals>.<lambda> at 0x0000020912FEAD40>
is_internal = False, title = None

    async def wrap_api_call(
        self, cb: Callable[[], Any], is_internal: bool = False, title: str = None
    ) -> Any:
        if self._api_zone.get():
            return await cb()
        task = asyncio.current_task(self._loop)
        st: List[inspect.FrameInfo] = getattr(
            task, "__pw_stack__", None
        ) or inspect.stack(0)
    
        parsed_st = _extract_stack_trace_information_from_stack(st, is_internal, title)
        self._api_zone.set(parsed_st)
        try:
            return await cb()
        except Exception as error:
>           raise rewrite_error(error, f"{parsed_st['apiName']}: {error}") from None
E           playwright._impl._errors.TimeoutError: Locator.click: Timeout 30000ms exceeded.
E           Call log:
E             - waiting for locator("span:has-text(\"My Account\")")

C:\Users\chine\AppData\Roaming\Python\Python313\site-packages\playwright\_impl\_connection.py:559: TimeoutError
- Generated html report: file:///C:/Projects/python_playwright/python_playwright/reports/myreport.html -
=========================== short test summary info ===========================
FAILED tests/ui/Register/TC_RF_007_test.py::test_navigate_to_register_page[chromium]
============================= 1 failed in 33.48s ==============================
